// Jest Snapshot v1, https://goo.gl/fbAQLP

exports[`render InviteBtn component matches snapshot 1`] = `
<DocumentFragment>
  <div
    class="InviteBtn"
  >
    <div
      class="btn btn-sm btn-outline-success"
    >
      Invite
    </div>
  </div>
</DocumentFragment>
`;
